** Drc report for /home/air/Projects/baseboard/hardware/cad/baseboard.kicad_pcb **
** Created on 2023-08-19 17:08:03 **

** Found 18 DRC violations **
[lib_footprint_issues]: The current configuration does not include the library ''.
    Local override; Severity: error (excluded)
    @(138.7500 mm, 67.5500 mm): Footprint G***
[hole_near_hole]: Drilled holes too close together (rule Pad to Pad clearance (Pad with hole, Different nets) min 0.4995 mm; actual 0.3750 mm)
    Rule: Pad to Pad clearance (Pad with hole, Different nets); Severity: error (excluded)
    @(126.0000 mm, 90.5500 mm): PTH pad 1 [GND1] of NT301
    @(125.3750 mm, 90.5500 mm): PTH pad 2 [GND] of NT301
[hole_near_hole]: Drilled holes too close together (rule Pad to Pad clearance (Pad with hole, Different nets) min 0.4995 mm; actual 0.3750 mm)
    Rule: Pad to Pad clearance (Pad with hole, Different nets); Severity: error (excluded)
    @(124.7500 mm, 90.5500 mm): PTH pad 1 [GND1] of NT301
    @(125.3750 mm, 90.5500 mm): PTH pad 2 [GND] of NT301
[missing_courtyard]: Footprint has no courtyard defined
    Local override; Severity: error (excluded)
    @(138.7500 mm, 67.5500 mm): Footprint G***
[courtyards_overlap]: Courtyards overlap
    Rule: board setup constraints courtyard; Severity: error (excluded)
    @(124.0250 mm, 88.6500 mm): Footprint C307
    @(125.3750 mm, 90.5500 mm): Footprint NT301
[courtyards_overlap]: Courtyards overlap
    Rule: board setup constraints courtyard; Severity: error (excluded)
    @(125.3750 mm, 90.5500 mm): Footprint NT301
    @(123.2750 mm, 93.6500 mm): Footprint L302
[pth_inside_courtyard]: PTH inside courtyard
    Local override; Severity: error (excluded)
    @(126.0000 mm, 90.5500 mm): PTH pad 1 [GND1] of NT301
    @(123.2750 mm, 93.6500 mm): Footprint L302
[pth_inside_courtyard]: PTH inside courtyard
    Local override; Severity: error (excluded)
    @(124.7500 mm, 90.5500 mm): PTH pad 1 [GND1] of NT301
    @(123.2750 mm, 93.6500 mm): Footprint L302
[pth_inside_courtyard]: PTH inside courtyard
    Local override; Severity: error (excluded)
    @(125.3750 mm, 90.5500 mm): PTH pad 2 [GND] of NT301
    @(123.2750 mm, 93.6500 mm): Footprint L302
[hole_clearance]: Hole clearance violation (board setup constraints hole clearance 0.2540 mm; actual 0.2000 mm)
    Rule: board setup constraints hole; Severity: error (excluded)
    @(126.0000 mm, 90.5500 mm): PTH pad 1 [GND1] of NT301
    @(125.3750 mm, 90.5500 mm): PTH pad 2 [GND] of NT301
[hole_clearance]: Hole clearance violation (board setup constraints hole clearance 0.2540 mm; actual 0.2000 mm)
    Rule: board setup constraints hole; Severity: error (excluded)
    @(124.7500 mm, 90.5500 mm): PTH pad 1 [GND1] of NT301
    @(125.3750 mm, 90.5500 mm): PTH pad 2 [GND] of NT301
[clearance]: Clearance violation (rule Min. Spacing (Multilayer) clearance 0.0900 mm; actual 0.0000 mm)
    Rule: Min. Spacing (Multilayer); Severity: error (excluded)
    @(126.3250 mm, 90.9000 mm): Rect on F.Cu (Signal)
    @(124.6000 mm, 85.8750 mm): Zone [GND1] on F.Cu (Signal)
[clearance]: Clearance violation (rule Min. Spacing (Multilayer) clearance 0.0900 mm; actual 0.0000 mm)
    Rule: Min. Spacing (Multilayer); Severity: error (excluded)
    @(126.3250 mm, 90.9000 mm): Rect on In1.Cu (Ground)
    @(40.5000 mm, 58.3000 mm): Zone [GND] on In1.Cu (Ground) and 3 more
[clearance]: Clearance violation (rule Min. Spacing (Multilayer) clearance 0.0900 mm; actual 0.0000 mm)
    Rule: Min. Spacing (Multilayer); Severity: error (excluded)
    @(126.3250 mm, 90.9000 mm): Rect on In3.Cu (Ground)
    @(40.5000 mm, 58.3000 mm): Zone [GND] on In1.Cu (Ground) and 3 more
[clearance]: Clearance violation (rule Min. Spacing (Multilayer) clearance 0.0900 mm; actual 0.0000 mm)
    Rule: Min. Spacing (Multilayer); Severity: error (excluded)
    @(126.3250 mm, 90.9000 mm): Rect on B.Cu (Ground)
    @(40.5000 mm, 58.3000 mm): Zone [GND] on In1.Cu (Ground) and 3 more
[annular_width]: Annular width (rule Minimum Annular Ring, PTH min annular width 0.3000 mm; actual 0.1750 mm)
    Rule: Minimum Annular Ring, PTH; Severity: error (excluded)
    @(126.0000 mm, 90.5500 mm): PTH pad 1 [GND1] of NT301
[annular_width]: Annular width (rule Minimum Annular Ring, PTH min annular width 0.3000 mm; actual 0.1750 mm)
    Rule: Minimum Annular Ring, PTH; Severity: error (excluded)
    @(124.7500 mm, 90.5500 mm): PTH pad 1 [GND1] of NT301
[annular_width]: Annular width (rule Minimum Annular Ring, PTH min annular width 0.3000 mm; actual 0.1750 mm)
    Rule: Minimum Annular Ring, PTH; Severity: error (excluded)
    @(125.3750 mm, 90.5500 mm): PTH pad 2 [GND] of NT301

** Found 0 unconnected pads **

** Found 0 Footprint errors **

** End of Report **
